{
    v56: cslot0,
    v57: cslot1,
}
{
    cslot0: (
        (
            Some(ClassId(76)),
            0,
        ),
        Real,
    ),
    cslot1: (
        (
            Some(ClassId(201)),
            0,
        ),
        Real,
    ),
}