function %(v16, v19, v26, v27, v40, v41, v60) {
    inst0 = fn %collapse_node2_None(0) -> 0
    v3 = fconst 0.0

                                block8:
@000b                               v21 = flt v19, v3
                                    br v21, block7, block6

                                block6:
                                    jmp block7

                                block7:
                                    v36 = phi [v16, block6], [v3, block8]
                                    v42 = optbarrier v36
                                    v43 = fsub v42, v27
                                    v56 = fmul v41, v40
                                    v44 = optbarrier v56
                                    v53 = fmul v41, v27
                                    v45 = optbarrier v53
                                    v46 = fneg v27
                                    v50 = optbarrier v60
                                    v55 = fmul v41, v46
                                    v54 = optbarrier v55
                                    v57 = optbarrier v43
                                    v58 = optbarrier v41
}
