{
    v22: cslot0,
}
{
    cslot0: (
        (
            Some(ClassId(7)),
            0,
        ),
        Real,
    ),
}