{
    v34: cslot0,
    v35: cslot1,
    v36: cslot2,
}
{
    cslot0: (
        (
            Some(ClassId(2)),
            0,
        ),
        Real,
    ),
    cslot1: (
        (
            Some(ClassId(9)),
            0,
        ),
        Real,
    ),
    cslot2: (
        (
            Some(ClassId(10)),
            0,
        ),
        Real,
    ),
}