function %(v16, v17, v18, v19, v20, v22, v25, v28, v24, v42, v45) {
                                block2:
@0010                               v26 = fdiv v16, v24
                                    v38 = fmul v28, v26
                                    v29 = optbarrier v38
                                    v30 = fneg v26
                                    v35 = optbarrier v42
                                    v37 = optbarrier v45
                                    v40 = fmul v28, v30
                                    v39 = optbarrier v40
                                    v41 = optbarrier v28
                                    v43 = optbarrier v45
                                    v46 = optbarrier v42
}
