function %(v16, v17, v19, v20, v22, v28, v29, v30, v33, v35, v40, v47, v48, v50, v53, v55, v58, v59, v60, v61, v62, v76, v77, v81, v86, v95, v100, v107, v108, v122, v201, v274, v276, v283, v361, v362, v403) {
    inst0 = const fn %ddt(1) -> 1
    inst1 = const fn %simparam_opt(2) -> 1
    inst2 = const fn %flickr_noise(Spur(2))(2) -> 1
    inst3 = const fn %white_noise(Spur(3))(1) -> 1
    inst4 = fn %collapse_node3_Some(node1)(0) -> 0
    inst5 = fn %collapse_node2_None(0) -> 0
    inst6 = const fn %ddx_node_node0(1) -> 1
    v3 = fconst 0.0
    v6 = fconst 0x1.0000000000000p0
    v7 = fconst -0x1.0000000000000p0
    v11 = fconst 0x1.0000000000000p1
    v14 = fconst 0x1.8000000000000p1
    v23 = fconst 0x1.0b0e7dd0a406ep-76
    v26 = fconst 0x1.7a4d9fe764ac4p-63
    v65 = fconst 0x1.144f69ff9ffc4p6
    v66 = fconst 0x1.93e5939a08ceap99
    v97 = fconst 0x1.eb851eb851eb8p0
    v125 = sconst "<DUMMY>"
    v126 = fconst 0x1.19799812dea11p-40
    v360 = fconst 0x1.0b0e7dd0a406ep-74

                                block20:
@0003                               v18 = fgt v16, v17
                                    br v18, block2, block4

                                block2:
@0008                               v21 = fadd v19, v20
                                    jmp block4

                                block4:
@000e                               v24 = phi [v21, block2], [v19, block20]
@fffffff2                           v413 = phi [v6, block2], [v3, block20]
@0010                               v25 = fmul v23, v24
@fffffff0                           v414 = fmul v413, v23
@0015                               v27 = fdiv v25, v26
@ffffffeb                           v416 = fdiv v414, v26
@0016                               v31 = fdiv v24, v30
@ffffffea                           v418 = fdiv v413, v30
@0018                               v32 = ln v31
@ffffffe8                           v419 = fdiv v418, v31
@001a                               v34 = fmul v32, v33
@ffffffe6                           v420 = fmul v419, v33
@001d                               v36 = fdiv v34, v35
@ffffffe3                           v422 = fdiv v420, v35
@0021                               v39 = fsub v31, v6
@0024                               v41 = fmul v39, v40
@ffffffdc                           v424 = fmul v418, v40
@0025                               v42 = fmul v27, v35
@ffffffdb                           v425 = fmul v416, v35
@0026                               v43 = fdiv v41, v42
@ffffffda                           v426 = fmul v42, v42
@ffffffda                           v427 = fdiv v424, v42
@ffffffda                           v428 = fmul v425, v41
@ffffffda                           v429 = fdiv v428, v426
@ffffffda                           v430 = fsub v427, v429
@0027                               v44 = fadd v36, v43
@ffffffd9                           v431 = fadd v422, v430
@0028                               v45 = exp v44
@ffffffd8                           v433 = fmul v431, v45
@002d                               v46 = fmul v29, v45
@ffffffd3                           v434 = fmul v433, v29
@0030                               v51 = pow v31, v50
@ffffffd0                           v435 = feq v31, v3
@ffffffd0                           br v435, block21, block22

                                block22:
@ffffffd0                           v436 = fdiv v50, v31
@ffffffd0                           v438 = fmul v418, v436
@ffffffd0                           v439 = fmul v438, v51
@ffffffd0                           jmp block21

                                block21:
@ffffffd0                           v440 = phi [v3, block4], [v439, block22]
@0035                               v52 = fmul v48, v51
@ffffffcb                           v441 = fmul v440, v48
@0038                               v56 = pow v31, v55
@ffffffc8                           br v435, block23, block24

                                block24:
@ffffffc8                           v443 = fdiv v55, v31
@ffffffc8                           v445 = fmul v418, v443
@ffffffc8                           v446 = fmul v445, v56
@ffffffc8                           jmp block23

                                block23:
@ffffffc8                           v447 = phi [v3, block21], [v446, block24]
@0044                               v57 = fmul v16, v56
@ffffffbc                           v448 = fmul v447, v16
@0046                               v64 = fdiv v59, v42
@ffffffba                           v450 = fmul v425, v59
@ffffffba                           v451 = fdiv v450, v426
@ffffffba                           v452 = fsub v3, v451
@ffffffba                           v453 = fdiv v6, v42
@0046                               v67 = fgt v64, v65
@0046                               br v67, block5, block6

                                block5:
@0046                               v68 = fsub v64, v65
@0046                               v69 = fmul v66, v68
@ffffffba                           v459 = fmul v452, v66
@ffffffba                           v460 = fmul v453, v66
@0046                               v70 = fadd v66, v69
@0046                               jmp block7

                                block6:
@0046                               v71 = exp v64
@ffffffba                           v455 = fmul v452, v71
@ffffffba                           v456 = fmul v453, v71
@0046                               jmp block7

                                block7:
@0047                               v72 = phi [v70, block5], [v71, block6]
@ffffffb9                           v463 = phi [v459, block5], [v455, block6]
@ffffffb9                           v464 = phi [v460, block5], [v456, block6]
@0049                               v74 = fsub v72, v6
@004c                               v75 = fmul v46, v74
@ffffffb4                           v467 = fmul v434, v74
@ffffffb4                           v468 = fmul v463, v46
@ffffffb4                           v469 = fadd v467, v468
@ffffffb4                           v470 = fmul v464, v46
@0052                               v82 = fdiv v7, v81
@0053                               v83 = pow v14, v82
@0054                               v84 = fsub v6, v83
@0058                               v85 = fmul v77, v84
@005a                               v90 = fsub v85, v59
@005e                               v94 = fdiv v90, v27
@ffffffa2                           v472 = fmul v27, v27
@ffffffa2                           v473 = fmul v416, v90
@ffffffa2                           v474 = fdiv v473, v472
@ffffffa2                           v475 = fsub v3, v474
@ffffffa2                           v476 = fdiv v7, v27
@0060                               v96 = fmul v94, v94
@ffffffa0                           v477 = fmul v475, v94
@ffffffa0                           v479 = fadd v477, v477
@ffffffa0                           v480 = fmul v476, v94
@ffffffa0                           v482 = fadd v480, v480
@0061                               v98 = fadd v96, v97
@0067                               v99 = sqrt v98
@ffffff99                           v485 = fmul v11, v99
@ffffff99                           v486 = fdiv v479, v485
@ffffff99                           v487 = fdiv v482, v485
@0068                               v101 = fadd v94, v99
@ffffff98                           v488 = fadd v475, v486
@ffffff98                           v489 = fadd v476, v487
@0069                               v102 = fmul v27, v101
@ffffff97                           v490 = fmul v416, v101
@ffffff97                           v491 = fmul v488, v27
@ffffff97                           v492 = fadd v490, v491
@ffffff97                           v493 = fmul v489, v27
@006b                               v105 = fdiv v102, v11
@ffffff95                           v495 = fdiv v492, v11
@ffffff95                           v496 = fdiv v493, v11
@006f                               v106 = fsub v85, v105
@ffffff91                           v497 = fsub v3, v495
@ffffff91                           v498 = fsub v3, v496
@0070                               v109 = fmul v108, v77
@0075                               v112 = fdiv v106, v77
@ffffff8b                           v500 = fdiv v497, v77
@ffffff8b                           v501 = fdiv v498, v77
@0076                               v113 = fsub v6, v112
@ffffff8a                           v502 = fsub v3, v500
@ffffff8a                           v503 = fsub v3, v501
@0079                               v115 = fsub v6, v81
@007a                               v116 = pow v113, v115
@ffffff86                           v504 = feq v113, v3
@ffffff86                           br v504, block25, block26

                                block26:
@ffffff86                           v505 = fdiv v115, v113
@ffffff86                           v507 = fmul v502, v505
@ffffff86                           v508 = fmul v507, v116
@ffffff86                           v509 = fmul v503, v505
@ffffff86                           v510 = fmul v509, v116
@ffffff86                           jmp block25

                                block25:
@ffffff86                           v511 = phi [v3, block7], [v508, block26]
@ffffff86                           v512 = phi [v3, block7], [v510, block26]
@007b                               v117 = fsub v6, v116
@ffffff85                           v513 = fsub v3, v511
@ffffff85                           v514 = fsub v3, v512
@007c                               v118 = fmul v109, v117
@ffffff84                           v515 = fmul v513, v109
@ffffff84                           v516 = fmul v514, v109
@0084                               v121 = fdiv v118, v115
@ffffff7c                           v518 = fdiv v515, v115
@ffffff7c                           v519 = fdiv v516, v115
@008a                               v127 = call inst1(v125, v126)
@008b                               v128 = fmul v127, v59
@008d                               v129 = fadd v75, v128
@ffffff73                           v523 = fadd v470, v127
@008d                               v130 = flt v75, v3
@008d                               br v130, block8, block10

                                block8:
@008d                               v131 = fneg v75
@008d                               jmp block10

                                block10:
@008f                               v132 = phi [v131, block8], [v75, block25]
                                    v144 = fgt v48, v17
@0098                               br v144, block11, block12

                                block11:
@0099                               v159 = fdiv v61, v52
@ffffff67                           v526 = fmul v52, v52
@ffffff67                           v527 = fmul v441, v61
@ffffff67                           v528 = fdiv v527, v526
@ffffff67                           v529 = fsub v3, v528
@ffffff67                           v530 = fdiv v6, v52
@009f                               v170 = fmul v360, v24
@00a0                               v171 = fdiv v170, v52
@00a1                               v172 = sqrt v171
                                    jmp block13

                                block12:
                                    call inst4()
@00a8                               jmp block13

                                block13:
                                    v387 = phi [v172, block11], [v3, block12]
                                    v345 = phi [v159, block11], [v3, block12]
                                    v533 = phi [v529, block11], [v3, block12]
                                    v534 = phi [v530, block11], [v3, block12]
                                    v363 = phi [v6, block11], [v3, block12]
@00ac                               br v18, block14, block15

                                block14:
@00af                               v200 = fmul v75, v59
@ffffff51                           v535 = fmul v469, v59
@ffffff51                           v536 = fmul v470, v59
@ffffff51                           v537 = fadd v536, v75
@00b4                               br v144, block17, block19

                                block17:
@00b6                               v208 = pow v61, v11
@ffffff4a                           v538 = feq v61, v3
@ffffff4a                           br v538, block27, block28

                                block28:
@ffffff4a                           v539 = fdiv v11, v61
@ffffff4a                           v541 = fmul v539, v208
@ffffff4a                           jmp block27

                                block27:
@ffffff4a                           v542 = phi [v3, block17], [v541, block28]
@00b7                               v213 = fdiv v208, v52
@ffffff49                           v543 = fmul v52, v52
@ffffff49                           v544 = fmul v441, v208
@ffffff49                           v545 = fdiv v544, v543
@ffffff49                           v546 = fsub v3, v545
@ffffff49                           v547 = fdiv v542, v52
                                    v214 = fadd v200, v213
                                    v548 = fadd v535, v546
                                    jmp block19

                                block19:
@00bf                               v215 = phi [v200, block14], [v214, block27]
@ffffff41                           v551 = phi [v535, block14], [v548, block27]
@ffffff41                           v553 = phi [v3, block14], [v547, block27]
                                    v230 = fdiv v20, v57
                                    v554 = fmul v57, v57
                                    v555 = fdiv v6, v57
                                    v556 = fmul v448, v20
                                    v557 = fdiv v556, v554
                                    v558 = fsub v555, v557
                                    v231 = fsub v215, v230
                                    v559 = fsub v551, v558
@00c2                               jmp block16

                                block15:
                                    call inst5()
@00cc                               jmp block16

                                block16:
                                    v355 = phi [v3, block15], [v231, block19]
                                    v562 = phi [v3, block15], [v559, block19]
                                    v563 = phi [v3, block15], [v537, block19]
                                    v564 = phi [v3, block15], [v553, block19]
                                    v384 = optbarrier v363
                                    v357 = optbarrier v519
                                    v358 = optbarrier v470
                                    v374 = optbarrier v132
                                    v402 = optbarrier v387
                                    v596 = fmul v403, v129
                                    v404 = optbarrier v596
                                    v597 = fmul v403, v121
                                    v405 = optbarrier v597
                                    v406 = fneg v129
                                    v565 = fneg v469
                                    v566 = fneg v523
                                    v407 = fneg v121
                                    v567 = fneg v518
                                    v568 = fneg v519
                                    v408 = fmul v384, v403
                                    v409 = fadd v406, v345
                                    v569 = fadd v565, v533
                                    v410 = fneg v345
                                    v572 = fneg v533
                                    v573 = fneg v534
                                    v600 = fmul v403, v355
                                    v411 = optbarrier v600
                                    v610 = fmul v403, v469
                                    v574 = optbarrier v610
                                    v611 = fmul v403, v518
                                    v575 = optbarrier v611
                                    v608 = fmul v403, v523
                                    v578 = optbarrier v608
                                    v609 = fmul v403, v519
                                    v579 = optbarrier v609
                                    v618 = fmul v403, v572
                                    v580 = optbarrier v618
                                    v619 = fmul v403, v573
                                    v582 = optbarrier v619
                                    v623 = fmul v403, v562
                                    v583 = optbarrier v623
                                    v584 = fneg v563
                                    v620 = fmul v403, v563
                                    v585 = optbarrier v620
                                    v586 = fneg v564
                                    v587 = fadd v584, v564
                                    v630 = fmul v403, v569
                                    v588 = optbarrier v630
                                    v631 = fmul v403, v567
                                    v589 = optbarrier v631
                                    v626 = fmul v403, v566
                                    v592 = optbarrier v626
                                    v627 = fmul v403, v568
                                    v593 = optbarrier v627
                                    v595 = fadd v523, v534
                                    v599 = fmul v403, v410
                                    v598 = optbarrier v599
                                    v602 = fmul v403, v409
                                    v601 = optbarrier v602
                                    v604 = fmul v403, v407
                                    v603 = optbarrier v604
                                    v605 = optbarrier v403
                                    v607 = optbarrier v408
                                    v612 = optbarrier v626
                                    v614 = optbarrier v627
                                    v617 = fmul v403, v534
                                    v616 = optbarrier v617
                                    v622 = fmul v403, v586
                                    v621 = optbarrier v622
                                    v625 = fmul v403, v587
                                    v624 = optbarrier v625
                                    v628 = optbarrier v619
                                    v633 = fmul v403, v595
                                    v632 = optbarrier v633
                                    v634 = optbarrier v609
}
