function %(v16, v19, v22, v33) {
    // v1 = bconst false
    // v2 = bconst true
    v3 = fconst 0.0
    v6 = fconst 0x1.0000000000000p0
    v7 = fconst -0x1.0000000000000p0
                                block5:
@0005                               v18 = flt v16, v3
                                    br v18, block2, block3

                                block2:
@000d                               v20 = fmul v19, v16
                                    jmp block4

                                block3:
@0015                               v23 = fmul v19, v16
                                    jmp block4

                                block4:
                                    v29 = phi [v20, block2], [v3, block3]
                                    v38 = phi [v19, block2], [v3, block3]
                                    v27 = phi [v3, block2], [v23, block3]
                                    v39 = phi [v3, block2], [v19, block3]
                                    v25 = phi [v2, block2], [v1, block3]
                                    br v25, block6, block7

                                block6:
                                    jmp block7

                                block7:
                                    v31 = phi [v22, block4], [v16, block6]
                                    v40 = phi [v3, block4], [v6, block6]
                                    v41 = phi [v6, block4], [v3, block6]
                                    v32 = phi [v27, block4], [v29, block6]
                                    v42 = phi [v39, block4], [v38, block6]
                                    v34 = optbarrier v32
                                    v35 = fsub v34, v31
                                    v43 = fsub v42, v40
                                    v44 = fsub v3, v41
                                    v51 = fmul v33, v22
                                    v36 = optbarrier v51
                                    v37 = fneg v22
                                    v57 = fmul v33, v7
                                    v47 = optbarrier v57
                                    v48 = fneg v43
                                    v49 = optbarrier v43
                                    v50 = optbarrier v44
                                    v53 = fmul v33, v37
                                    v52 = optbarrier v53
                                    v54 = optbarrier v35
                                    v55 = optbarrier v33
                                    v58 = optbarrier v48
}
