DaeSystem {
    unknowns: {
        sim_node0: node0,
        sim_node1: node1,
    },
    residual: {
        sim_node0: Residual {
            resist: v3,
            react: v38,
            resist_small_signal: v3,
            react_small_signal: v3,
            resist_lim_rhs: v3,
            react_lim_rhs: v48,
        },
        sim_node1: Residual {
            resist: v3,
            react: v54,
            resist_small_signal: v3,
            react_small_signal: v3,
            resist_lim_rhs: v3,
            react_lim_rhs: v51,
        },
    },
    jacobian: {
        j0: MatrixEntry {
            row: sim_node0,
            col: sim_node0,
            resist: v3,
            react: v42,
        },
        j1: MatrixEntry {
            row: sim_node0,
            col: sim_node1,
            resist: v3,
            react: v59,
        },
        j2: MatrixEntry {
            row: sim_node1,
            col: sim_node0,
            resist: v3,
            react: v44,
        },
        j3: MatrixEntry {
            row: sim_node1,
            col: sim_node1,
            resist: v3,
            react: v62,
        },
    },
    small_signal_parameters: {},
    noise_sources: [],
}