function %(v16, v19, v20, v21, v25, v30, v44, v64) {
    inst0 = const fn %$limit[Spur(1)](2) -> 1
    inst1 = const fn %$store[lim_state0](1) -> 1
    v3 = fconst 0.0
    v6 = fconst 0x1.0000000000000p0

                                block11:
@0003                               v18 = flt v16, v3
                                    br v18, block2, block3

                                block2:
@0009                               br v21, block5, block7

                                block5:
@0009                               v22 = call inst0(v19, v20)
@0009                               jmp block7

                                block7:
@0009                               v23 = phi [v19, block2], [v22, block5]
@0009                               v24 = call inst1(v23)
                                    jmp block4

                                block3:
@000d                               v26 = fneg v19
@000f                               br v21, block8, block10

                                block8:
@000f                               v27 = call inst0(v26, v20)
@000f                               jmp block10

                                block10:
@000f                               v28 = phi [v26, block3], [v27, block8]
@000f                               v29 = call inst1(v28)
                                    jmp block4

                                block4:
@0015                               v31 = phi [v24, block7], [v29, block10]
@ffffffeb                           v47 = phi [v6, block7], [v3, block10]
@ffffffeb                           v48 = phi [v3, block7], [v6, block10]
@0016                               v32 = exp v31
@ffffffea                           v50 = fmul v47, v32
@ffffffea                           v51 = fmul v48, v32
                                    v33 = fmul v16, v32
                                    v52 = fmul v50, v16
                                    v53 = fmul v51, v16
                                    v77 = fmul v44, v33
                                    v45 = optbarrier v77
                                    v46 = fneg v33
                                    v54 = fneg v52
                                    v55 = fneg v53
                                    v57 = fadd v54, v53
                                    v58 = optbarrier v52
                                    v59 = fsub v58, v53
                                    v61 = fadd v52, v55
                                    v62 = optbarrier v54
                                    v63 = fsub v62, v55
                                    v65 = fsub v64, v19
                                    v66 = fmul v52, v65
                                    v67 = optbarrier v66
                                    v68 = fadd v64, v19
                                    v69 = fmul v53, v68
                                    v70 = fadd v67, v69
                                    v72 = fmul v54, v65
                                    v73 = optbarrier v72
                                    v75 = fmul v55, v68
                                    v76 = fadd v73, v75
                                    v79 = fmul v44, v70
                                    v78 = optbarrier v79
                                    v81 = fmul v44, v46
                                    v80 = optbarrier v81
                                    v83 = fmul v44, v76
                                    v82 = optbarrier v83
                                    v84 = optbarrier v44
                                    v86 = fmul v44, v57
                                    v85 = optbarrier v86
                                    v88 = fmul v44, v59
                                    v87 = optbarrier v88
                                    v90 = fmul v44, v61
                                    v89 = optbarrier v90
                                    v92 = fmul v44, v63
                                    v91 = optbarrier v92
}
